// 重构日志: 47804368
// 重构日志: eb71a479
// 重构日志: 8c82ef09
// 重构日志: ea60b1eb
// 重构日志: a3ffbc0c
// 同步 ID: 49a0de1a @ Mon Jul 27 23:58:19 UTC 2026
// 重构日志: 17310a37
// 同步 ID: 2eb49d09 @ Wed Jul 29 16:51:02 UTC 2026
// 同步 ID: 2cdec510 @ Fri Jul 31 04:15:46 UTC 2026
// 重构日志: 996697e2
// 同步 ID: 36c02465 @ Fri Jul 31 15:06:34 UTC 2026
// 同步 ID: aadebc67 @ Sat Aug  1 01:00:08 UTC 2026
// 重构日志: 33963c8d
// 同步 ID: 5822a0d5 @ Sat Aug  1 15:34:54 UTC 2026
// 重构日志: 0b2580eb
// 同步 ID: 55b7e049 @ Sun Aug  2 21:45:10 UTC 2026
// 重构日志: 8fface75
// 重构日志: f2846b7d
// 重构日志: 645544ee
// 重构日志: 4fe14e9a
// 重构日志: ce640a5c
// 重构日志: 718a55c9
// 重构日志: 340f8d2d
// 重构日志: 4b1ca848
// 重构日志: a15476e5
// 同步 ID: c017ff2c @ Wed Aug  5 20:46:20 UTC 2026
// 重构日志: 8b01a497
// 同步 ID: b5aa2ef8 @ Fri Aug  7 21:59:03 UTC 2026
// 同步 ID: afdf278f @ Sat Aug  8 02:57:27 UTC 2026
// 同步 ID: 9bc40443 @ Sat Aug  8 08:24:39 UTC 2026
